==25631== Memcheck, a memory error detector
==25631== Copyright (C) 2002-2017, and GNU GPL'd, by Julian Seward et al.
==25631== Using Valgrind-3.15.0 and LibVEX; rerun with -h for copyright info
==25631== Command: ./client.exe
==25631== 
openConnection : param sockname == NULL
==25631== 
==25631== HEAP SUMMARY:
==25631==     in use at exit: 0 bytes in 0 blocks
==25631==   total heap usage: 1 allocs, 1 frees, 1 bytes allocated
==25631== 
==25631== All heap blocks were freed -- no leaks are possible
==25631== 
==25631== ERROR SUMMARY: 0 errors from 0 contexts (suppressed: 0 from 0)
